// Jest Snapshot v1, https://goo.gl/fbAQLP

exports[`<Slider /> Should be equal to snapshot 1`] = `
<Styled(WithStyles(Paper))>
  <Styled(WithStyles(Table))>
    <WithStyles(TableHead)>
      <WithStyles(TableRow)>
        <Styled(WithStyles(TableCell)) />
        <Styled(WithStyles(TableCell))>
          Изменить
        </Styled(WithStyles(TableCell))>
        <Styled(WithStyles(TableCell))>
          Дата
        </Styled(WithStyles(TableCell))>
        <Styled(WithStyles(TableCell))>
          Кол-во человек
        </Styled(WithStyles(TableCell))>
        <Styled(WithStyles(TableCell))>
          Прибыль
        </Styled(WithStyles(TableCell))>
        <Styled(WithStyles(TableCell))>
          Бесплатная
        </Styled(WithStyles(TableCell))>
        <Styled(WithStyles(TableCell))>
          Персональная
        </Styled(WithStyles(TableCell))>
        <Styled(WithStyles(TableCell))>
          Джампы
        </Styled(WithStyles(TableCell))>
      </WithStyles(TableRow)>
    </WithStyles(TableHead)>
    <WithStyles(TableBody) />
  </Styled(WithStyles(Table))>
</Styled(WithStyles(Paper))>
`;
